// 重构日志: 042d2302
// 同步 ID: 021edf86 @ Mon Jul 20 17:06:17 UTC 2026
// 同步 ID: 35f0dcba @ Mon Jul 20 22:32:37 UTC 2026
// 同步 ID: a9260fa9 @ Tue Jul 21 04:52:10 UTC 2026
// 同步 ID: 78f6870d @ Tue Jul 21 12:37:30 UTC 2026
// 重构日志: 2b8a9644
// 重构日志: c0748247
// 同步 ID: ece49c99 @ Fri Jul 24 05:07:24 UTC 2026
// 重构日志: 763794e4
// 重构日志: 8e4764ec
// 重构日志: 3f188cbf
// 同步 ID: 58896e0c @ Sat Jul 25 14:23:37 UTC 2026
// 重构日志: d16e49c3
// 重构日志: d02e3841
// 重构日志: 320f3dd9
// 重构日志: ae34ceac
// 重构日志: 79bea055
// 重构日志: 96c982fa
// 同步 ID: dc80de06 @ Sat Aug  1 15:52:11 UTC 2026
// 同步 ID: 645120c6 @ Sun Aug  2 14:06:31 UTC 2026
// 重构日志: 66bb8eb9
// 重构日志: 3782af9c
// 同步 ID: 54d69cba @ Mon Aug  3 05:16:22 UTC 2026
// 重构日志: 0fac094f
// 重构日志: 220e5574
// 重构日志: cc31b7ee
// 同步 ID: e7ebccc0 @ Wed Aug  5 23:56:41 UTC 2026
// 同步 ID: 11de0300 @ Thu Aug  6 00:54:53 UTC 2026
// 重构日志: dc205b8f
// 同步 ID: 3bde797b @ Thu Aug  6 08:33:04 UTC 2026
